[INFO] Scanning for projects...
[INFO] 
[INFO] ------------------< BitirmeProjesi.example:Egzersiz >-------------------
[INFO] Building  0.0.1-SNAPSHOT
[INFO]   from pom.xml
[INFO] --------------------------------[ jar ]---------------------------------
[INFO] 
[INFO] --- clean:3.5.0:clean (default-clean) @ Egzersiz ---
[INFO] Deleting C:\Users\eness\Desktop\Egzersiz\backend\target
[INFO] 
[INFO] --- resources:3.3.1:resources (default-resources) @ Egzersiz ---
[INFO] Copying 1 resource from src\main\resources to target\classes
[INFO] Copying 1 resource from src\main\resources to target\classes
[INFO] 
[INFO] --- compiler:3.14.1:compile (default-compile) @ Egzersiz ---
[INFO] Recompiling the module because of changed source code.
[INFO] Compiling 71 source files with javac [debug parameters release 17] to target\classes
[INFO] -------------------------------------------------------------
[ERROR] COMPILATION ERROR : 
[INFO] -------------------------------------------------------------
[ERROR] /C:/Users/eness/Desktop/Egzersiz/backend/src/main/java/com/egzersiz/exception/GlobalExceptionHandler.java:[75,35] cannot find symbol
  symbol:   class exception
  location: package com.egzersiz
[INFO] 1 error
[INFO] -------------------------------------------------------------
[INFO] ------------------------------------------------------------------------
[INFO] BUILD FAILURE
[INFO] ------------------------------------------------------------------------
[INFO] Total time:  5.505 s
[INFO] Finished at: 2026-06-02T22:50:58+03:00
[INFO] ------------------------------------------------------------------------
[ERROR] Failed to execute goal org.apache.maven.plugins:maven-compiler-plugin:3.14.1:compile (default-compile) on project Egzersiz: Compilation failure
[ERROR] /C:/Users/eness/Desktop/Egzersiz/backend/src/main/java/com/egzersiz/exception/GlobalExceptionHandler.java:[75,35] cannot find symbol
[ERROR]   symbol:   class exception
[ERROR]   location: package com.egzersiz
[ERROR] 
[ERROR] -> [Help 1]
[ERROR] 
[ERROR] To see the full stack trace of the errors, re-run Maven with the -e switch.
[ERROR] Re-run Maven using the -X switch to enable full debug logging.
[ERROR] 
[ERROR] For more information about the errors and possible solutions, please read the following articles:
[ERROR] [Help 1] http://cwiki.apache.org/confluence/display/MAVEN/MojoFailureException
